// Jest Snapshot v1, https://goo.gl/fbAQLP

exports[`ErrorBoundary shallow rendering correctly 1`] = `ShallowWrapper {}`;
