// Jest Snapshot v1, https://goo.gl/fbAQLP

exports[`App testing renders App correctly 1`] = `ShallowWrapper {}`;

exports[`App testing renders Pending App correctly 1`] = `ShallowWrapper {}`;
