// Jest Snapshot v1, https://goo.gl/fbAQLP

exports[`CardList matches CardList component snapshot 1`] = `ShallowWrapper {}`;
