// Jest Snapshot v1, https://goo.gl/fbAQLP

exports[`Card matches Card component snapshot 1`] = `ShallowWrapper {}`;
