// Jest Snapshot v1, https://goo.gl/fbAQLP

exports[`MainPage testing renders MainPage correctly 1`] = `ShallowWrapper {}`;
