// Jest Snapshot v1, https://goo.gl/fbAQLP

exports[`Scroll matches Scroll snapshot 1`] = `ShallowWrapper {}`;
