// Jest Snapshot v1, https://goo.gl/fbAQLP

exports[`SearchButton matches decided SearchButton snapshot 1`] = `ShallowWrapper {}`;

exports[`SearchButton matches not decided SearchButton snapshot 1`] = `ShallowWrapper {}`;
