// Jest Snapshot v1, https://goo.gl/fbAQLP

exports[`SearchBox matches SearchBox snapshot 1`] = `ShallowWrapper {}`;
